// Jest Snapshot v1, https://goo.gl/fbAQLP

exports[`matches snapshot 1`] = `
<DocumentFragment>
  <div
    class="CardList"
  >
    <section>
      <div
        class="card"
      >
        <div
          class="card-body"
        >
          <h6
            class="card-title d-flex justify-content-between"
          />
          <p>
            Salary:
            <br />
            Equity:
          </p>
          <button
            class="font-weight-bold text-uppercase float-right btn btn-danger"
            type="button"
          >
            Apply
          </button>
        </div>
      </div>
    </section>
    <section>
      <div
        class="card"
      >
        <div
          class="card-body"
        >
          <h6
            class="card-title d-flex justify-content-between"
          />
          <p>
            Salary:
            <br />
            Equity:
          </p>
          <button
            class="font-weight-bold text-uppercase float-right btn btn-danger"
            type="button"
          >
            Apply
          </button>
        </div>
      </div>
    </section>
  </div>
</DocumentFragment>
`;
