// Jest Snapshot v1, https://goo.gl/fbAQLP

exports[`matches snapshot 1`] = `
<DocumentFragment>
  <div>
    <h3>
      Profile
    </h3>
    <section
      class="col-md-10"
    >
      <div
        class="card"
      >
        <div
          class="card-body"
        >
          <form>
            <h6>
              Username: test
            </h6>
            <p>
              <label
                for="first_name"
              >
                First Name:
              </label>
              <input
                id="first_name"
                name="first_name"
                value=""
              />
            </p>
            <p>
              <label
                for="lastname"
              >
                Last Name:
              </label>
              <input
                id="last_name"
                name="last_name"
                value=""
              />
            </p>
            <p>
              <label
                for="email"
              >
                Email:
              </label>
              <input
                id="email"
                name="email"
                value=""
              />
            </p>
            <p>
              <label
                for="photo_url"
              >
                Photo URL:
              </label>
              <input
                id="photo_url"
                name="photo_url"
                value=""
              />
            </p>
            <p>
              <label
                for="password"
              >
                Reenter password:
              </label>
              <input
                id="password"
                name="password"
                type="password"
                value=""
              />
            </p>
            <button
              class="btn btn-primary"
            >
              Save Changes
            </button>
          </form>
        </div>
      </div>
    </section>
  </div>
</DocumentFragment>
`;
