// Jest Snapshot v1, https://goo.gl/fbAQLP

exports[`matches snapshot 1`] = `
<DocumentFragment>
  <div>
    <section
      class="col-md-10"
    >
      <div
        class="card"
      >
        <div
          class="card-body"
        >
          <form>
            <p>
              <label
                for="username"
              >
                Username:
              </label>
              <input
                id="username"
                name="username"
                value=""
              />
            </p>
            <p>
              <label
                for="first_name"
              >
                First Name:
              </label>
              <input
                id="first_name"
                name="first_name"
                value=""
              />
            </p>
            <p>
              <label
                for="last_name"
              >
                Last Name:
              </label>
              <input
                id="last_name"
                name="last_name"
                value=""
              />
            </p>
            <p>
              <label
                for="email"
              >
                Email:
              </label>
              <input
                id="email"
                name="email"
                value=""
              />
            </p>
            <p>
              <label
                for="password"
              >
                Password:
              </label>
              <input
                id="password"
                name="password"
                type="password"
                value=""
              />
            </p>
            <button
              class="btn btn-primary"
            >
              Submit
            </button>
          </form>
        </div>
      </div>
    </section>
  </div>
</DocumentFragment>
`;
